dropping old tables...
NOTICE:  table "pgbench_accounts" does not exist, skipping
NOTICE:  table "pgbench_branches" does not exist, skipping
NOTICE:  table "pgbench_history" does not exist, skipping
NOTICE:  table "pgbench_tellers" does not exist, skipping
creating tables...
generating data (client-side)...
100000 of 400000 tuples (25%) done (elapsed 0.03 s, remaining 0.08 s)
200000 of 400000 tuples (50%) done (elapsed 0.05 s, remaining 0.05 s)
300000 of 400000 tuples (75%) done (elapsed 0.07 s, remaining 0.02 s)
400000 of 400000 tuples (100%) done (elapsed 0.08 s, remaining 0.00 s)
vacuuming...
creating primary keys...
done in 2.62 s (drop tables 0.00 s, create tables 0.01 s, client-side generate 1.40 s, vacuum 0.74 s, primary keys 0.47 s).'

